20190703-DataEngineering

Git Bash

Github desktop 설치 
:)


13.209.93.133    172.31.15.117
15.164.136.136   172.31.0.89
15.164.161.233   172.31.0.71
15.164.172.180   172.31.8.189
15.164.189.170   172.31.12.75 





2. Change the run level to multi-user text mode
systemctl get-default
systemctl set-default multi-user.target 



3. Disable SE Linux
  sestatus


# Set SELinux in permissive mode (effectively disabling it)
setenforce 0
sed -i 's/^SELINUX=enforcing$/SELINUX=permissive/' /etc/selinux/config

action. 1
vi /etc/sysconfig/selinux
SELINUX=enforcing 을 SELINUX=disabled 로 변경후 저장한다.
:%s/SELINUX=enforcing/SELINUX=disabled/s

reboot
disabled


4. Disable firewall 

방화벽 중지
systemctl stop firewalld
방화벽 자동시작 해제 (재부팅시 켜지지 않음)
systemctl disable firewalld


5. Check vm.swappiness and update permanently as necessary. 
o Set the value to 1

check
sysctl vm.swappiness

Action)
vi /etc/sysctl.conf
vm.swappiness = 1

sysctl -w vm.swappiness=1



6. Disable transparent hugepage support permanently 
cat /sys/kernel/mm/transparent_hugepage/enabled 

[always] madvise never  -> 출력된 결과에 [always] 에 대괄호가 되어있으면 THP가 활성화 된 상태입니다.
always madvise [never]  -> 출력된 결과에 [never] 에 대괄호가 되어있으면 THP가 비활성화 된 상태입니다. 


[root@ip-172-31-0-71 tuned]# cat /proc/meminfo |grep Huge
AnonHugePages:      6144 kB
HugePages_Total:       0
HugePages_Free:        0
HugePages_Rsvd:        0
HugePages_Surp:        0
Hugepagesize:       2048 kB
[root@ip-172-31-0-71 tuned]# 


Action
mkdir /etc/tuned/transparent_hugepage 

vi /etc/tuned/transparent_hugepage/tuned.conf 
[main]
include=throughput-performance
[vm]
transparent_hugepages=never 

chmod +x /etc/tuned/transparent_hugepage/tuned.conf 

tuned-adm profile transparent_hugepage 

vi /etc/sysconfig/grup



Action.2 
/bin/echo never > /sys/kernel/mm/transparent_hugepage/enabled

Action.3
vi /etc/sysconfig/mic/default.conf  <== X



Action.4 
https://www.cloudera.com/documentation/enterprise/5-16-x/topics/cdh_admin_performance.html#cdh_performance__section_hw3_sdf_jq

echo never > /sys/kernel/mm/transparent_hugepage/enabled
echo never > /sys/kernel/mm/transparent_hugepage/defrag
chmod +x /etc/rc.d/rc.local

cat /etc/default/grub

vi /etc/default/grub
:%s/GRUB_CMDLINE_LINUX="console=tty0 crashkernel=auto console=ttyS0,115200"/GRUB_CMDLINE_LINUX="console=tty0 crashkernel=auto console=ttyS0,115200 transparent_hugepage=never"/c

grub2-mkconfig -o /boot/grub2/grub.cfg



echo 'never' > /sys/kernel/mm/transparent_hugepage/defrag
echo 'never' > /sys/kernel/mm/transparent_hugepage/enabled

sh -c "echo 'never' > /sys/kernel/mm/transparent_hugepage/defrag"
sh -c "echo 'never' > /sys/kernel/mm/transparent_hugepage/enabled" 


cat /sys/kernel/mm/transparent_hugepage/defrag
cat /sys/kernel/mm/transparent_hugepage/enabled  



[이슈] defrag 가 reboot 하고 나면 
[root@ip-172-31-15-117 ~]# cat /sys/kernel/mm/transparent_hugepage/defrag
[always] madvise never
[root@ip-172-31-15-117 ~]# cat /sys/kernel/mm/transparent_hugepage/enabled  
always madvise [never]


echo never > /sys/kernel/mm/transparent_hugepage/defrag
vi /etc/default/grub

grub2-mkconfig -o /boot/grub2/grub.cfg

[Solution]
vi /etc/rc.d/rc.local
echo never > /sys/kernel/mm/transparent_hugepage/enabled
echo never > /sys/kernel/mm/transparent_hugepage/defrag


7. Check to see that nscd service is running 

NSCD (name service cache daemon) 
yum install nscd
systemctl enable nscd
systemctl start nscd
systemctl status nscd


8. Check to see that ntp service is running 
o Disable chrony as necessary 

yum install ntp
vi /etc/ntp.conf
systemctl start ntpd
systemctl status ntpd
 systemctl enable ntpd

systemctl status chronyd  : inactive 상태임 


9. Disable IPV6 
https://zetawiki.com/wiki/%EB%A6%AC%EB%88%85%EC%8A%A4_IPv6_%EB%B9%84%ED%99%9C%EC%84%B1%ED%99%94

[root@ip-172-31-15-117 ~]# sysctl net.ipv6.conf.all.disable_ipv6
net.ipv6.conf.all.disable_ipv6 = 0

→ disable_ipv6 이 0이므로 활성화 상태임


sysctl -w net.ipv6.conf.all.disable_ipv6=1
→ disable_ipv6 이 1이므로 비활성화됨



# vi /etc/sysctl.conf
net.ipv6.conf.all.disable_ipv6 = 1
net.ipv6.conf.default.disable_ipv6 = 1

# sysctl -p



10. During the installation process, Cloudera Manager Server will need to 
remotely access each of the remaining nodes. 
In order to facilitate this, you may either set up an admin user and password to be used by Cloudera Manager Server or setup a private/public key access. 
Whichever method you choose, make sure you test access with ssh before proceeding. 




11. Show that forward and reverse host lookups are correctly resolved 
o In this lab, we will use /etc/hosts Files setting to accomplish this 
o Add the necessary information to the /etc/hosts files 
o Check to make sure that File lookup has priority 
o Use getent to make sure you are getting proper host name and ip 
address 




12. Change the hostname of each of the nodes to match the FQDN that you 
entered in the /etc/hosts file. 
o Reboot each of the nodes 



vi /etc/hosts
172.31.15.117    cm.skplanet.com        cm
172.31.0.89      master1.skplanet.com   master1
172.31.0.71      worker1.skplanet.com   worker1
172.31.8.189     worker2.skplanet.com   worker2
172.31.12.75     worker3.skplanet.com   worker3

hostnamectl set-hostname worker3.skplanet.com

vi /etc/sysconfig/network 
HOSTNAME=worker3.skplanet.com

-------------------------------------------------------------------------

[CM Repo Install]

https://www.cloudera.com/documentation/enterprise/5-15-x/topics/configure_cm_repo.html#cm_repo

https://archive.cloudera.com/cm5/redhat/7/x86_64/cm/cloudera-manager.repo

wget https://archive.cloudera.com/cm5/redhat/7/x86_64/cm/cloudera-manager.repo -P /etc/yum.repos.d/

sudo rpm --import https://archive.cloudera.com/cm5/redhat/7/x86_64/cm/RPM-GPG-KEY-cloudera




[cloudera-manager]
# Packages for Cloudera Manager, Version 5, on RedHat or CentOS 7 x86_64
name=Cloudera Manager
baseurl=https://archive.cloudera.com/cm5/redhat/7/x86_64/cm/5.15.2/
gpgkey =https://archive.cloudera.com/cm5/redhat/7/x86_64/cm/RPM-GPG-KEY-cloudera
gpgcheck = 1



[Install JDK]

scp  -i ./SKT.pem ./jdk-8u211-linux-x64.tar.gz centos@13.209.93.133:/home/centos

tar -zxvf jdk-8u202-linux-x64.tar.gz
mkdir /app
mv jdk1.8.0_202 /app/

vi /etc/profile
JAVA_HOME=/app/jdk1.8.0_202
PATH=$PATH:$JAVA_HOME/bin
source /etc/profile


[mysql]
rpm -ivh https://dev.mysql.com/get/mysql57-community-release-el7-11.noarch.rpm
yum install -y mysql-community-server
systemctl start mysqld
grep 'temporary password' /var/log/mysqld.log

[root@cm ~]# grep 'temporary password' /var/log/mysqld.log
2019-07-03T05:03:31.890985Z 1 [Note] A temporary password is generated for root@localhost: lNWoGSk0Bp(b
[root@cm ~]# 

yum remove mysql-community-server
rm -rf /var/lib/mysql


[root@cm lib]# grep 'temporary password' /var/log/mysqld.log
2019-07-03T05:03:31.890985Z 1 [Note] A temporary password is generated for root@localhost: lNWoGSk0Bp(b
2019-07-03T07:22:25.914892Z 1 [Note] A temporary password is generated for root@localhost: +timr8o1G81z
[root@cm lib]# 



yum install -y mysql-community-server
systemctl start mysqld
/usr/bin/mysql_secure_installation


SET PASSWORD = PASSWORD('Admin123!');
FLUSH PRIVILEGES;

mysql> show grants;
+---------------------------------------------------------------------+
| Grants for root@localhost                                           |
+---------------------------------------------------------------------+
| GRANT ALL PRIVILEGES ON *.* TO 'root'@'localhost' WITH GRANT OPTION |
| GRANT PROXY ON ''@'' TO 'root'@'localhost' WITH GRANT OPTION        |
+---------------------------------------------------------------------+
2 rows in set (0.00 sec)


vi /etc/my.cnf
validate-password=off

systemctl restart mysqld


[Step 3: Install Cloudera Manager Server]
yum install cloudera-manager-daemons cloudera-manager-server

yum remove  cloudera-manager-daemons cloudera-manager-server

yum install -y cloudera-manager-daemons cloudera-manager-agent


[error]
[root@cm ~]#  yum install cloudera-manager-daemons cloudera-manager-agent
...
Error: Package: cloudera-manager-agent-5.16.2-1.cm5162.p0.7.el6.x86_64 (cloudera-manager)
           Requires: libpython2.6.so.1.0()(64bit)
 You could try using --skip-broken to work around the problem
 You could try running: rpm -Va --nofiles --nodigest

[action.1]
wget https://www.python.org/ftp/python/2.6.9/Python-2.6.9.tgz

[action.2]
rpm -Uvh https://archive.fedoraproject.org/pub/archive/epel/5/x86_64/python26-2.6.8-2.el5.x86_64.rpm

[원인]
6 버전으로 다운 받아서 생긴 이슈  
wget https://archive.cloudera.com/cm5/redhat/7/x86_64/cm/cloudera-manager.repo -P /etc/yum.repos.d/





vi /etc/my.cnf

[mysqld]
datadir=/var/lib/mysql
socket=/var/lib/mysql/mysql.sock
transaction-isolation = READ-COMMITTED
# Disabling symbolic-links is recommended to prevent assorted security risks;
# to do so, uncomment this line:
symbolic-links = 0

key_buffer_size = 32M
max_allowed_packet = 32M
thread_stack = 256K
thread_cache_size = 64
query_cache_limit = 8M
query_cache_size = 64M
query_cache_type = 1

max_connections = 550
#expire_logs_days = 10
#max_binlog_size = 100M

#log_bin should be on a disk with enough free space.
#Replace '/var/lib/mysql/mysql_binary_log' with an appropriate path for your
#system and chown the specified folder to the mysql user.
log_bin=/var/lib/mysql/mysql_binary_log

#In later versions of MySQL, if you enable the binary log and do not set
#a server_id, MySQL will not start. The server_id must be unique within
#the replicating group.
server_id=1

binlog_format = mixed

read_buffer_size = 2M
read_rnd_buffer_size = 16M
sort_buffer_size = 8M
join_buffer_size = 8M

# InnoDB settings
innodb_file_per_table = 1
innodb_flush_log_at_trx_commit  = 2
innodb_log_buffer_size = 64M
innodb_buffer_pool_size = 4G
innodb_thread_concurrency = 8
innodb_flush_method = O_DIRECT
innodb_log_file_size = 512M



[mysqld_safe]
log-error=/var/log/mysqld.log
pid-file=/var/run/mysqld/mysqld.pid

sql_mode=STRICT_ALL_TABLES
validate-password=off


[mysql connector]
wget https://dev.mysql.com/get/Downloads/Connector-J/mysql-connector-java-5.1.47.tar.gz

tar zxvf mysql-connector-java-5.1.47.tar.gz 
 mkdir -p /usr/share/java/
cd mysql-connector-java-5.1.47
 cp mysql-connector-java-5.1.47-bin.jar /usr/share/java/mysql-connector-java.jar


[db create]
https://www.cloudera.com/documentation/enterprise/5-15-x/topics/cm_ig_mysql.html#cmig_topic_5_5

CREATE DATABASE scm DEFAULT CHARACTER SET utf8  DEFAULT COLLATE utf8_general_ci;
CREATE DATABASE amon DEFAULT CHARACTER SET utf8  DEFAULT COLLATE utf8_general_ci;
CREATE DATABASE rman DEFAULT CHARACTER SET utf8  DEFAULT COLLATE utf8_general_ci;
CREATE DATABASE hue DEFAULT CHARACTER SET utf8  DEFAULT COLLATE utf8_general_ci;
CREATE DATABASE metastore DEFAULT CHARACTER SET utf8  DEFAULT COLLATE utf8_general_ci;
CREATE DATABASE sentry DEFAULT CHARACTER SET utf8  DEFAULT COLLATE utf8_general_ci;
CREATE DATABASE hnavue DEFAULT CHARACTER SET utf8  DEFAULT COLLATE utf8_general_ci;
CREATE DATABASE navms DEFAULT CHARACTER SET utf8  DEFAULT COLLATE utf8_general_ci;
CREATE DATABASE oozie DEFAULT CHARACTER SET utf8  DEFAULT COLLATE utf8_general_ci;


password : Hadoop123!
GRANT ALL ON scm.* TO 'scm'@'%' IDENTIFIED BY 'Hadoop123!';

GRANT ALL ON amon.* TO 'amon'@'%' IDENTIFIED BY 'Hadoop123!';
GRANT ALL ON rman.* TO 'rman'@'%' IDENTIFIED BY 'Hadoop123!';
GRANT ALL ON hue.* TO 'hue'@'%' IDENTIFIED BY 'Hadoop123!';
GRANT ALL ON metastore.* TO 'hive'@'%' IDENTIFIED BY 'Hadoop123!';
GRANT ALL ON sentry.* TO 'sentry'@'%' IDENTIFIED BY 'Hadoop123!';
GRANT ALL ON hnavue.* TO 'hnavue'@'%' IDENTIFIED BY 'Hadoop123!';
GRANT ALL ON navms.* TO 'navms'@'%' IDENTIFIED BY 'Hadoop123!';
GRANT ALL ON oozie.* TO 'oozie'@'%' IDENTIFIED BY 'Hadoop123!';

Hadoop123!




ERROR 1044 (42000): Access denied for user 'root'@'%' to database 'scm'


ALTER USER 'root'@'%' IDENTIFIED BY 'Admin123!';




CREATE USER 'scm'@'%' IDENTIFIED BY 'Hadoop123!' ;
GRANT ALL PRIVILEGES ON scm.* TO 'scm'@'%';
 

flush privileges;


update user set authentication_string=password('Admin123!') where user='root';

create  user 'root'@'%' identified with mysql_native_password by 'Admin123!';


CREATE USER 'root'@'%' IDENTIFIED BY 'Admin123!'  ;
GRANT ALL PRIVILEGES ON *.* TO 'root'@'%';





Step 5: Set up the Cloudera Manager Database

/usr/share/cmf/schema/scm_prepare_database.sh mysql scm scm


/usr/share/cmf/schema/scm_prepare_database.sh -h cm.skplanet.com mysql metastore hive 
/usr/share/cmf/schema/scm_prepare_database.sh -h cm.skplanet.com mysql rman rman 
/usr/share/cmf/schema/scm_prepare_database.sh -h cm.skplanet.com mysql hue hue 




Step 6: Install CDH and Other Software

systemctl start cloudera-scm-server

systemctl stop cloudera-scm-server

tail -f /var/log/cloudera-scm-server/cloudera-scm-server.log
vi /var/log/cloudera-scm-server/cloudera-scm-server.log



172.31.15.117    cm.skplanet.com        cm
172.31.0.89      master1.skplanet.com   master1
172.31.0.71      worker1.skplanet.com   worker1
172.31.8.189     worker2.skplanet.com   worker2
172.31.12.75     worker3.skplanet.com   worker3

cm.skplanet.com
master1.skplanet.com
worker1.skplanet.com
worker2.skplanet.com
worker3.skplanet.com



[root@cm yum.repos.d]# vi cloudera-manager.repo 
[cloudera-manager]
# Packages for Cloudera Manager, Version 5, on RedHat or CentOS 7 x86_64
name=Cloudera Manager
baseurl=https://archive.cloudera.com/cm5/redhat/7/x86_64/cm/5/
gpgkey =https://archive.cloudera.com/cm5/redhat/7/x86_64/cm/RPM-GPG-KEY-cloudera
gpgcheck = 1


echo '
ssh-rsa AAAAB3NzaC1yc2EAAAADAQABAAABAQCz+BzjVT79k1zGDLaZS9D0iNqHlMJV4gvVB+9a0s4QKWVQFEAEbyAFl8MasI+TtjJWk4ISRyw8iPit0/3OJA/wpOhCHQkh+eXIOZeyNJouiyLrQd3q8ArZhDX2lrnRBsfndIwVbBw0n0zlLOWDglX7W8cZnarnrGt5Jirpij17vhRD3sakyAs/7oYbtlMSAXvG1cjB+pozKWzM7vG15+uchqvkOtjMnVJx3qnNzvV93wyoo1s+JG4v60jvezWWaXRZoyxpMrAHE2+COHg2nZ5aQUbuGib5arAiwi4WyPSoVI5DaMZnwPcHPxv6RijsGoP20LVTb+XnsIKViKC/gkQT root@dichdptx-ambari-dev01.sktx.ss' >> /root/.ssh/authorized_keys



ssh-rsa AAAAB3NzaC1yc2EAAAADAQABAAABAQC1zmB/NDVVD7gpg9p0cJIDx+sd1XPjGBhIptrTlM08i4lwXObR7zt/wOLVXdjvP5GE6cWf3OwyQzy8kL/T410YYkpeiolJAW7BVA00lZkI0yBGKVG/vW9/WkvQLg94Xtj93vHGkLnWgyIsjdxIlUeb8eFRxjhoExRvUIKZgINDtBZkqJT2vQJeXXPHcAMcN5aNkL2yp6icG2MPvnBiPqHc4sTNu6EkL3l9+x+S53qWaKrB9QF9/JVr5jsmdRfzXew5mAF5Cify0gktJEwg0jSImUjaH5SrKHqc+IpTxApttKRiRAFS1fEEhZR8FaqtOmP+URM4gnZNGQbVAdEc+KSl root@cm.skplanet.com
